Archive member included because of file (symbol)

C:/Program Files (x86)/Rowley Associates Limited/CrossWorks for ARM 3.5/lib/libc_v7em_fpv4_sp_d16_hard_t_le_eabi.a(libc2_asm.o)
                              IoT_RTOS_base THUMB Debug/queue.o (memcpy)
C:/Program Files (x86)/Rowley Associates Limited/CrossWorks for ARM 3.5/lib/libm_v7em_fpv4_sp_d16_hard_t_le_eabi.a(libm_asm.o)
                              C:/Program Files (x86)/Rowley Associates Limited/CrossWorks for ARM 3.5/lib/libvfscanf_v7em_fpv4_sp_d16_hard_t_le_eabi.o (__aeabi_i2d)
C:/Program Files (x86)/Rowley Associates Limited/CrossWorks for ARM 3.5/lib/libm_v7em_fpv4_sp_d16_hard_t_le_eabi.a(libm2.o)
                              C:/Program Files (x86)/Rowley Associates Limited/CrossWorks for ARM 3.5/lib/libvfprintf_v7em_fpv4_sp_d16_hard_t_le_eabi.o (frexp)
C:/Program Files (x86)/Rowley Associates Limited/CrossWorks for ARM 3.5/lib/libm_v7em_fpv4_sp_d16_hard_t_le_eabi.a(libm2_asm.o)
                              C:/Program Files (x86)/Rowley Associates Limited/CrossWorks for ARM 3.5/lib/libm_v7em_fpv4_sp_d16_hard_t_le_eabi.a(libm2.o) (fabs)
C:/Program Files (x86)/Rowley Associates Limited/CrossWorks for ARM 3.5/lib/libc_v7em_fpv4_sp_d16_hard_t_le_eabi.a(libc_asm.o)
                              C:/Program Files (x86)/Rowley Associates Limited/CrossWorks for ARM 3.5/lib/libvfprintf_v7em_fpv4_sp_d16_hard_t_le_eabi.o (__aeabi_uldivmod)
C:/Program Files (x86)/Rowley Associates Limited/CrossWorks for ARM 3.5/lib/libc_v7em_fpv4_sp_d16_hard_t_le_eabi.a(libc2.o)
                              C:/Program Files (x86)/Rowley Associates Limited/CrossWorks for ARM 3.5/lib/libvfscanf_v7em_fpv4_sp_d16_hard_t_le_eabi.o (__getc)

Discarded input sections

 .group         0x00000000        0x8 IoT_RTOS_base THUMB Debug/system_stm32f4xx.o
 .group         0x00000000        0x8 IoT_RTOS_base THUMB Debug/system_stm32f4xx.o
 .group         0x00000000        0x8 IoT_RTOS_base THUMB Debug/system_stm32f4xx.o
 .group         0x00000000        0x8 IoT_RTOS_base THUMB Debug/system_stm32f4xx.o
 .group         0x00000000        0x8 IoT_RTOS_base THUMB Debug/system_stm32f4xx.o
 .group         0x00000000        0x8 IoT_RTOS_base THUMB Debug/system_stm32f4xx.o
 .group         0x00000000        0x8 IoT_RTOS_base THUMB Debug/system_stm32f4xx.o
 .group         0x00000000        0x8 IoT_RTOS_base THUMB Debug/system_stm32f4xx.o
 .group         0x00000000        0x8 IoT_RTOS_base THUMB Debug/system_stm32f4xx.o
 .group         0x00000000        0x8 IoT_RTOS_base THUMB Debug/system_stm32f4xx.o
 .group         0x00000000        0x8 IoT_RTOS_base THUMB Debug/system_stm32f4xx.o
 .group         0x00000000        0x8 IoT_RTOS_base THUMB Debug/system_stm32f4xx.o
 .group         0x00000000        0x8 IoT_RTOS_base THUMB Debug/system_stm32f4xx.o
 .group         0x00000000        0x8 IoT_RTOS_base THUMB Debug/system_stm32f4xx.o
 .group         0x00000000        0x8 IoT_RTOS_base THUMB Debug/system_stm32f4xx.o
 .group         0x00000000        0x8 IoT_RTOS_base THUMB Debug/system_stm32f4xx.o
 .group         0x00000000        0x8 IoT_RTOS_base THUMB Debug/system_stm32f4xx.o
 .group         0x00000000        0x8 IoT_RTOS_base THUMB Debug/system_stm32f4xx.o
 .group         0x00000000        0x8 IoT_RTOS_base THUMB Debug/system_stm32f4xx.o
 .group         0x00000000        0x8 IoT_RTOS_base THUMB Debug/system_stm32f4xx.o
 .group         0x00000000        0x8 IoT_RTOS_base THUMB Debug/system_stm32f4xx.o
 .group         0x00000000        0x8 IoT_RTOS_base THUMB Debug/system_stm32f4xx.o
 .group         0x00000000        0x8 IoT_RTOS_base THUMB Debug/system_stm32f4xx.o
 .group         0x00000000        0x8 IoT_RTOS_base THUMB Debug/system_stm32f4xx.o
 .group         0x00000000        0x8 IoT_RTOS_base THUMB Debug/system_stm32f4xx.o
 .group         0x00000000        0x8 IoT_RTOS_base THUMB Debug/system_stm32f4xx.o
 .group         0x00000000        0x8 IoT_RTOS_base THUMB Debug/system_stm32f4xx.o
 .group         0x00000000        0x8 IoT_RTOS_base THUMB Debug/system_stm32f4xx.o
 .group         0x00000000        0x8 IoT_RTOS_base THUMB Debug/system_stm32f4xx.o
 .group         0x00000000        0x8 IoT_RTOS_base THUMB Debug/system_stm32f4xx.o
 .text          0x00000000        0x0 IoT_RTOS_base THUMB Debug/system_stm32f4xx.o
 .data          0x00000000        0x0 IoT_RTOS_base THUMB Debug/system_stm32f4xx.o
 .bss           0x00000000        0x0 IoT_RTOS_base THUMB Debug/system_stm32f4xx.o
 .rodata.AHBPrescTable
                0x00000000       0x10 IoT_RTOS_base THUMB Debug/system_stm32f4xx.o
 .text.SystemCoreClockUpdate
                0x00000000       0xf8 IoT_RTOS_base THUMB Debug/system_stm32f4xx.o
 .group         0x00000000        0x8 IoT_RTOS_base THUMB Debug/stm32f4xx_hal_flash_ramfunc.o
 .group         0x00000000        0x8 IoT_RTOS_base THUMB Debug/stm32f4xx_hal_flash_ramfunc.o
 .group         0x00000000        0x8 IoT_RTOS_base THUMB Debug/stm32f4xx_hal_flash_ramfunc.o
[...]
Memory Configuration

Name             Origin             Length             Attributes
UNPLACED_SECTIONS 0xffffffff         0x00000000         xw
FLASH            0x08000000         0x00200000         xr
DATA_SRAM        0x10000000         0x00010000         xw
SYSTEM           0x1fff0000         0x00007a10         xw
OPTION           0x1fffc000         0x00000008         xw
RAM              0x20000000         0x00030000         xw
SRAM1            0x20000000         0x0001c000         xw
SRAM2            0x2001c000         0x00004000         xw
SRAM3            0x20020000         0x00010000         xw
APB1             0x40000000         0x00008000         xw
APB2             0x40010000         0x00008000         xw
AHB1             0x40020000         0x00080000         xw
AHB2             0x50000000         0x00060c00         xw
FSMC             0xa0000000         0x00001000         xw
PCCARD           0x90000000         0x00000000         xw
NAND2            0x80000000         0x00000000         xw
NAND1            0x70000000         0x00000000         xw
NOR_PSRAM4       0x6c000000         0x00000000         xw
NOR_PSRAM3       0x68000000         0x00000000         xw
NOR_PSRAM2       0x64000000         0x00000000         xw
NOR_PSRAM1       0x60000000         0x00000000         xw
SDRAM1           0xc0000000         0x00000000         xw
SDRAM2           0xd0000000         0x00000000         xw
PPB              0xe0000000         0x00100000         xw
DBG              0xe0042000         0x00000010         xw
*default*        0x00000000         0xffffffff

Linker script and memory map

                0x00000000                __vfprintf = __vfprintf_float_long_long
                0x00000000                __vfscanf = __vfscanf_float_long_long_cc
                0x08000000                __FLASH_segment_start__ = 0x8000000
                0x08200000                __FLASH_segment_end__ = 0x8200000
                0x00200000                __FLASH_segment_size__ = 0x200000
                0x10000000                __DATA_SRAM_segment_start__ = 0x10000000
                0x10010000                __DATA_SRAM_segment_end__ = 0x10010000
                0x00010000                __DATA_SRAM_segment_size__ = 0x10000
                0x1fff0000                __SYSTEM_segment_start__ = 0x1fff0000
                0x1fff7a10                __SYSTEM_segment_end__ = 0x1fff7a10
                0x00007a10                __SYSTEM_segment_size__ = 0x7a10
                0x1fffc000                __OPTION_segment_start__ = 0x1fffc000
                0x1fffc008                __OPTION_segment_end__ = 0x1fffc008
                0x00000008                __OPTION_segment_size__ = 0x8
                0x20000000                __RAM_segment_start__ = 0x20000000
                0x20030000                __RAM_segment_end__ = 0x20030000
                0x00030000                __RAM_segment_size__ = 0x30000
                0x20000000                __SRAM1_segment_start__ = 0x20000000
                0x2001c000                __SRAM1_segment_end__ = 0x2001c000
                0x0001c000                __SRAM1_segment_size__ = 0x1c000
                0x2001c000                __SRAM2_segment_start__ = 0x2001c000
                0x20020000                __SRAM2_segment_end__ = 0x20020000
                0x00004000                __SRAM2_segment_size__ = 0x4000
                0x20020000                __SRAM3_segment_start__ = 0x20020000
                0x20030000                __SRAM3_segment_end__ = 0x20030000
                0x00010000                __SRAM3_segment_size__ = 0x10000
                0x40000000                __APB1_segment_start__ = 0x40000000
                0x40008000                __APB1_segment_end__ = 0x40008000
                0x00008000                __APB1_segment_size__ = 0x8000
                0x40010000                __APB2_segment_start__ = 0x40010000
                0x40018000                __APB2_segment_end__ = 0x40018000
                0x00008000                __APB2_segment_size__ = 0x8000
                0x40020000                __AHB1_segment_start__ = 0x40020000
                0x400a0000                __AHB1_segment_end__ = 0x400a0000
                0x00080000                __AHB1_segment_size__ = 0x80000
                0x50000000                __AHB2_segment_start__ = 0x50000000
                0x50060c00                __AHB2_segment_end__ = 0x50060c00
                0x00060c00                __AHB2_segment_size__ = 0x60c00
                0xa0000000                __FSMC_segment_start__ = 0xa0000000
                0xa0001000                __FSMC_segment_end__ = 0xa0001000
                0x00001000                __FSMC_segment_size__ = 0x1000
                0x90000000                __PCCARD_segment_start__ = 0x90000000
                0x90000000                __PCCARD_segment_end__ = 0x90000000
                0x00000000                __PCCARD_segment_size__ = 0x0
                0x80000000                __NAND2_segment_start__ = 0x80000000
                0x80000000                __NAND2_segment_end__ = 0x80000000
                0x00000000                __NAND2_segment_size__ = 0x0
                0x70000000                __NAND1_segment_start__ = 0x70000000
                0x70000000                __NAND1_segment_end__ = 0x70000000
                0x00000000                __NAND1_segment_size__ = 0x0
                0x6c000000                __NOR_PSRAM4_segment_start__ = 0x6c000000
                0x6c000000                __NOR_PSRAM4_segment_end__ = 0x6c000000
                0x00000000                __NOR_PSRAM4_segment_size__ = 0x0
                0x68000000                __NOR_PSRAM3_segment_start__ = 0x68000000
                0x68000000                __NOR_PSRAM3_segment_end__ = 0x68000000
                0x00000000                __NOR_PSRAM3_segment_size__ = 0x0
                0x64000000                __NOR_PSRAM2_segment_start__ = 0x64000000
                0x64000000                __NOR_PSRAM2_segment_end__ = 0x64000000
                0x00000000                __NOR_PSRAM2_segment_size__ = 0x0
                0x60000000                __NOR_PSRAM1_segment_start__ = 0x60000000
                0x60000000                __NOR_PSRAM1_segment_end__ = 0x60000000
                0x00000000                __NOR_PSRAM1_segment_size__ = 0x0
                0xc0000000                __SDRAM1_segment_start__ = 0xc0000000
                0xc0000000                __SDRAM1_segment_end__ = 0xc0000000
                0x00000000                __SDRAM1_segment_size__ = 0x0
                0xd0000000                __SDRAM2_segment_start__ = 0xd0000000
                0xd0000000                __SDRAM2_segment_end__ = 0xd0000000
                0x00000000                __SDRAM2_segment_size__ = 0x0
                0xe0000000                __PPB_segment_start__ = 0xe0000000
                0xe0100000                __PPB_segment_end__ = 0xe0100000
                0x00100000                __PPB_segment_size__ = 0x100000
                0xe0042000                __DBG_segment_start__ = 0xe0042000
                0xe0042010                __DBG_segment_end__ = 0xe0042010
                0x00000010                __DBG_segment_size__ = 0x10
                0x00000080                __HEAPSIZE__ = 0x80
                0x00000000                __STACKSIZE_ABT__ = 0x0
                0x00000000                __STACKSIZE_FIQ__ = 0x0
                0x00000000                __STACKSIZE_IRQ__ = 0x0
                0x00000000                __STACKSIZE_PROCESS__ = 0x0
                0x00000000                __STACKSIZE_SVC__ = 0x0
                0x00000000                __STACKSIZE_UND__ = 0x0
                0x00000100                __STACKSIZE__ = 0x100
                0x20000000                __vectors_ram_load_start__ = ALIGN (__RAM_segment_start__, 0x100)

.vectors_ram    0x20000000        0x0
                0x20000000                __vectors_ram_start__ = .
 *(.vectors_ram .vectors_ram.*)
                0x20000000                __vectors_ram_end__ = (__vectors_ram_start__ + SIZEOF (.vectors_ram))
                0x00000000                __vectors_ram_size__ = SIZEOF (.vectors_ram)
                0x20000000                __vectors_ram_load_end__ = __vectors_ram_end__
                0x00000001                . = ASSERT (((__vectors_ram_start__ == __vectors_ram_end__) || ((__vectors_ram_end__ >= __RAM_segment_start__) && (__vectors_ram_end__ <= __RAM_segment_end__))), error: .vectors_ram is too large to fit in RAM memory segment)
                0x08000000                __vectors_load_start__ = ALIGN (__FLASH_segment_start__, 0x100)

.vectors        0x08000000      0x1ac
                0x08000000                __vectors_start__ = .
 *(.vectors .vectors.*)
 .vectors       0x08000000      0x1ac IoT_RTOS_base THUMB Debug/STM32_Startup.o
                0x08000000                _vectors
                0x080001ac                __vectors_end__ = (__vectors_start__ + SIZEOF (.vectors))
                0x000001ac                __vectors_size__ = SIZEOF (.vectors)
                0x080001ac                __vectors_load_end__ = __vectors_end__
                0x00000001                . = ASSERT (((__vectors_start__ == __vectors_end__) || ((__vectors_end__ >= __FLASH_segment_start__) && (__vectors_end__ <= __FLASH_segment_end__))), error: .vectors is too large to fit in FLASH memory segment)
                0x080001ac                __init_load_start__ = ALIGN (__vectors_end__, 0x4)

.init           0x080001ac      0x27c
                0x080001ac                __init_start__ = .
 *(.init .init.*)
 .init          0x080001ac      0x158 IoT_RTOS_base THUMB Debug/thumb_crt0.o
                0x080001ac                _start
                0x0800025e                exit
 .init          0x08000304      0x124 IoT_RTOS_base THUMB Debug/STM32_Startup.o
                0x08000304                NMI_Handler
                0x08000306                HardFault_Handler
                0x08000308                MemManage_Handler
                0x0800030a                BusFault_Handler
                0x0800030c                UsageFault_Handler
                0x08000310                DebugMon_Handler
                0x08000316                WWDG_IRQHandler
                0x08000318                PVD_IRQHandler
                0x0800031a                TAMP_STAMP_IRQHandler
                0x0800031c                RTC_WKUP_IRQHandler
                0x0800031e                FLASH_IRQHandler
                0x08000320                RCC_IRQHandler
                0x08000322                EXTI0_IRQHandler
                0x08000324                EXTI1_IRQHandler
                0x08000326                EXTI2_IRQHandler
                0x08000328                EXTI3_IRQHandler
                0x0800032a                EXTI4_IRQHandler
                0x0800032c                DMA1_Stream0_IRQHandler
                0x0800032e                DMA1_Stream1_IRQHandler
                0x08000330                DMA1_Stream2_IRQHandler
                0x08000332                DMA1_Stream3_IRQHandler
                0x08000334                DMA1_Stream4_IRQHandler
                0x08000336                DMA1_Stream5_IRQHandler
                0x08000338                DMA1_Stream6_IRQHandler
                0x0800033a                ADC_IRQHandler
                0x0800033c                CAN1_TX_IRQHandler
                0x0800033e                CAN1_RX0_IRQHandler
                0x08000340                CAN1_RX1_IRQHandler
                0x08000342                CAN1_SCE_IRQHandler
                0x08000344                EXTI9_5_IRQHandler
                0x08000346                TIM1_BRK_TIM9_IRQHandler
                0x08000348                TIM1_UP_TIM10_IRQHandler
                0x0800034a                TIM1_TRG_COM_TIM11_IRQHandler
                0x0800034c                TIM1_CC_IRQHandler
                0x0800034e                TIM2_IRQHandler
                0x08000350                TIM3_IRQHandler
                0x08000352                TIM4_IRQHandler
                0x08000354                I2C1_EV_IRQHandler
                0x08000356                I2C1_ER_IRQHandler
                0x08000358                I2C2_EV_IRQHandler
                0x0800035a                I2C2_ER_IRQHandler
                0x0800035c                SPI1_IRQHandler
                0x0800035e                SPI2_IRQHandler
                0x08000360                USART1_IRQHandler
                0x08000362                USART2_IRQHandler
                0x08000364                USART3_IRQHandler
                0x08000366                EXTI15_10_IRQHandler
                0x08000368                RTC_Alarm_IRQHandler
                0x0800036a                OTG_FS_WKUP_IRQHandler
                0x0800036c                TIM8_BRK_TIM12_IRQHandler
                0x0800036e                TIM8_UP_TIM13_IRQHandler
                0x08000370                TIM8_TRG_COM_TIM14_IRQHandler
                0x08000372                TIM8_CC_IRQHandler
                0x08000374                DMA1_Stream7_IRQHandler
                0x08000376                FMC_IRQHandler
                0x08000378                SDIO_IRQHandler
                0x0800037a                TIM5_IRQHandler
                0x0800037c                SPI3_IRQHandler
                0x0800037e                UART4_IRQHandler
                0x08000382                TIM6_DAC_IRQHandler
                0x08000384                TIM7_IRQHandler
                0x08000386                DMA2_Stream0_IRQHandler
                0x08000388                DMA2_Stream1_IRQHandler
                0x0800038a                DMA2_Stream2_IRQHandler
                0x0800038c                DMA2_Stream3_IRQHandler
                0x0800038e                DMA2_Stream4_IRQHandler
                0x08000390                ETH_IRQHandler
                0x08000392                ETH_WKUP_IRQHandler
                0x08000394                CAN2_TX_IRQHandler
                0x08000396                CAN2_RX0_IRQHandler
                0x08000398                CAN2_RX1_IRQHandler
                0x0800039a                CAN2_SCE_IRQHandler
                0x0800039c                OTG_FS_IRQHandler
                0x0800039e                DMA2_Stream5_IRQHandler
                0x080003a0                DMA2_Stream6_IRQHandler
                0x080003a2                DMA2_Stream7_IRQHandler
                0x080003a4                USART6_IRQHandler
                0x080003a6                I2C3_EV_IRQHandler
                0x080003a8                I2C3_ER_IRQHandler
                0x080003aa                OTG_HS_EP1_OUT_IRQHandler
                0x080003ac                OTG_HS_EP1_IN_IRQHandler
                0x080003ae                OTG_HS_WKUP_IRQHandler
                0x080003b0                OTG_HS_IRQHandler
                0x080003b2                DCMI_IRQHandler
                0x080003b4                HASH_RNG_IRQHandler
                0x080003b6                FPU_IRQHandler
                0x080003b8                UART7_IRQHandler
                0x080003ba                UART8_IRQHandler
                0x080003bc                SPI4_IRQHandler
                0x080003be                SPI5_IRQHandler
                0x080003c0                SPI6_IRQHandler
                0x080003c2                SAI1_IRQHandler
                0x080003c4                LTDC_IRQHandler
                0x080003c6                LTDC_ER_IRQHandler
                0x080003c8                DMA2D_IRQHandler
                0x080003ca                reset_handler
                0x08000428                __init_end__ = (__init_start__ + SIZEOF (.init))
                0x0000027c                __init_size__ = SIZEOF (.init)
                0x08000428                __init_load_end__ = __init_end__
                0x00000001                . = ASSERT (((__init_start__ == __init_end__) || ((__init_end__ >= __FLASH_segment_start__) && (__init_end__ <= __FLASH_segment_end__))), error: .init is too large to fit in FLASH memory segment)
                0x08000428                __init_rodata_load_start__ = ALIGN (__init_end__, 0x4)

.init_rodata    0x08000428        0x0
                0x08000428                __init_rodata_start__ = .
 *(.init_rodata .init_rodata.*)
                0x08000428                __init_rodata_end__ = (__init_rodata_start__ + SIZEOF (.init_rodata))
                0x00000000                __init_rodata_size__ = SIZEOF (.init_rodata)
                0x08000428                __init_rodata_load_end__ = __init_rodata_end__
                0x00000001                . = ASSERT (((__init_rodata_start__ == __init_rodata_end__) || ((__init_rodata_end__ >= __FLASH_segment_start__) && (__init_rodata_end__ <= __FLASH_segment_end__))), error: .init_rodata is too large to fit in FLASH memory segment)
                0x08000428                __text_load_start__ = ALIGN (__init_rodata_end__, 0x4)

.text           0x08000428     0x29bc
                0x08000428                __text_start__ = .
 *(.text .text.* .glue_7t .glue_7 .gnu.linkonce.t.* .gcc_except_table .ARM.extab* .gnu.linkonce.armextab.*)
 .glue_7        0x00000000        0x0 linker stubs
 .glue_7t       0x00000000        0x0 linker stubs
 .text.SystemInit
                0x08000428       0x6c IoT_RTOS_base THUMB Debug/system_stm32f4xx.o
                0x08000428                SystemInit
 .text.HAL_GPIO_Init
                0x08000494      0x348 IoT_RTOS_base THUMB Debug/stm32f4xx_hal_gpio.o
                0x08000494                HAL_GPIO_Init
 .text.HAL_GPIO_TogglePin
                0x080007dc       0x24 IoT_RTOS_base THUMB Debug/stm32f4xx_hal_gpio.o
                0x080007dc                HAL_GPIO_TogglePin
 .text.NVIC_SetPriorityGrouping
                0x08000800       0x48 IoT_RTOS_base THUMB Debug/stm32f4xx_hal_cortex.o
 .text.NVIC_GetPriorityGrouping
                0x08000848       0x1c IoT_RTOS_base THUMB Debug/stm32f4xx_hal_cortex.o
 .text.NVIC_SetPriority
                0x08000864       0x54 IoT_RTOS_base THUMB Debug/stm32f4xx_hal_cortex.o
 .text.NVIC_EncodePriority
                0x080008b8       0x68 IoT_RTOS_base THUMB Debug/stm32f4xx_hal_cortex.o
 .text.SysTick_Config
                0x08000920       0x44 IoT_RTOS_base THUMB Debug/stm32f4xx_hal_cortex.o
 .text.HAL_NVIC_SetPriorityGrouping
                0x08000964       0x14 IoT_RTOS_base THUMB Debug/stm32f4xx_hal_cortex.o
                0x08000964                HAL_NVIC_SetPriorityGrouping
 .text.HAL_NVIC_SetPriority
                0x08000978       0x38 IoT_RTOS_base THUMB Debug/stm32f4xx_hal_cortex.o
                0x08000978                HAL_NVIC_SetPriority
 .text.HAL_SYSTICK_Config
                0x080009b0       0x18 IoT_RTOS_base THUMB Debug/stm32f4xx_hal_cortex.o
                0x080009b0                HAL_SYSTICK_Config
 .text.HAL_SYSTICK_CLKSourceConfig
                0x080009c8       0x38 IoT_RTOS_base THUMB Debug/stm32f4xx_hal_cortex.o
                0x080009c8                HAL_SYSTICK_CLKSourceConfig
 .text.HAL_Init
                0x08000a00       0x44 IoT_RTOS_base THUMB Debug/stm32f4xx_hal.o
                0x08000a00                HAL_Init
 .text.HAL_InitTick
                0x08000a44       0x38 IoT_RTOS_base THUMB Debug/stm32f4xx_hal.o
                0x08000a44                HAL_InitTick
 .text.HAL_IncTick
                0x08000a7c       0x1c IoT_RTOS_base THUMB Debug/stm32f4xx_hal.o
                0x08000a7c                HAL_IncTick
 .text.HAL_GetTick
                0x08000a98       0x18 IoT_RTOS_base THUMB Debug/stm32f4xx_hal.o
                0x08000a98                HAL_GetTick
 .text.HAL_RCC_OscConfig
                0x08000ab0      0x4b8 IoT_RTOS_base THUMB Debug/stm32f4xx_hal_rcc.o
                0x08000ab0                HAL_RCC_OscConfig
 .text.HAL_RCC_ClockConfig
                0x08000f68      0x31c IoT_RTOS_base THUMB Debug/stm32f4xx_hal_rcc.o
                0x08000f68                HAL_RCC_ClockConfig
 .text.HAL_RCC_GetSysClockFreq
                0x08001284      0x118 IoT_RTOS_base THUMB Debug/stm32f4xx_hal_rcc.o
                0x08001284                HAL_RCC_GetSysClockFreq
 .text.HAL_RCC_GetHCLKFreq
                0x0800139c       0x58 IoT_RTOS_base THUMB Debug/stm32f4xx_hal_rcc.o
                0x0800139c                HAL_RCC_GetHCLKFreq
 .text.makeFreeRtosPriority
                0x080013f4       0x30 IoT_RTOS_base THUMB Debug/cmsis_os.o
 .text.osKernelStart
                0x08001424       0x10 IoT_RTOS_base THUMB Debug/cmsis_os.o
                0x08001424                osKernelStart
 .text.osThreadCreate
                0x08001434       0x58 IoT_RTOS_base THUMB Debug/cmsis_os.o
                0x08001434                osThreadCreate
 .text.osDelay  0x0800148c       0x28 IoT_RTOS_base THUMB Debug/cmsis_os.o
                0x0800148c                osDelay
 .text.osSystickHandler
                0x080014b4       0x14 IoT_RTOS_base THUMB Debug/cmsis_os.o
                0x080014b4                osSystickHandler
 .text.vListInitialise
                0x080014c8       0x40 IoT_RTOS_base THUMB Debug/list.o
                0x080014c8                vListInitialise
 .text.vListInitialiseItem
                0x08001508       0x18 IoT_RTOS_base THUMB Debug/list.o
                0x08001508                vListInitialiseItem
 .text.vListInsertEnd
                0x08001520       0x48 IoT_RTOS_base THUMB Debug/list.o
                0x08001520                vListInsertEnd
 .text.vListInsert
                0x08001568       0x70 IoT_RTOS_base THUMB Debug/list.o
                0x08001568                vListInsert
 .text.uxListRemove
                0x080015d8       0x54 IoT_RTOS_base THUMB Debug/list.o
                0x080015d8                uxListRemove
 .text.xTaskGenericCreate
                0x0800162c      0x1a4 IoT_RTOS_base THUMB Debug/tasks.o
                0x0800162c                xTaskGenericCreate
 .text.vTaskDelay
                0x080017d0       0xa4 IoT_RTOS_base THUMB Debug/tasks.o
                0x080017d0                vTaskDelay
 .text.vTaskStartScheduler
                0x08001874       0x80 IoT_RTOS_base THUMB Debug/tasks.o
                0x08001874                vTaskStartScheduler
 .text.vTaskSuspendAll
                0x080018f4       0x1c IoT_RTOS_base THUMB Debug/tasks.o
                0x080018f4                vTaskSuspendAll
 .text.xTaskResumeAll
                0x08001910      0x12c IoT_RTOS_base THUMB Debug/tasks.o
                0x08001910                xTaskResumeAll
 .text.xTaskIncrementTick
                0x08001a3c      0x180 IoT_RTOS_base THUMB Debug/tasks.o
                0x08001a3c                xTaskIncrementTick
 .text.vTaskSwitchContext
                0x08001bbc       0xb4 IoT_RTOS_base THUMB Debug/tasks.o
                0x08001bbc                vTaskSwitchContext
 .text.prvIdleTask
                0x08001c70       0x30 IoT_RTOS_base THUMB Debug/tasks.o
 .text.prvInitialiseTCBVariables
                0x08001ca0       0xa4 IoT_RTOS_base THUMB Debug/tasks.o
 .text.prvInitialiseTaskLists
                0x08001d44       0x7c IoT_RTOS_base THUMB Debug/tasks.o
 .text.prvCheckTasksWaitingTermination
                0x08001dc0       0x74 IoT_RTOS_base THUMB Debug/tasks.o
 .text.prvAddCurrentTaskToDelayedList
                0x08001e34       0x6c IoT_RTOS_base THUMB Debug/tasks.o
 .text.prvAllocateTCBAndStack
                0x08001ea0       0x70 IoT_RTOS_base THUMB Debug/tasks.o
 .text.prvDeleteTCB
                0x08001f10       0x20 IoT_RTOS_base THUMB Debug/tasks.o
 .text.prvResetNextTaskUnblockTime
                0x08001f30       0x48 IoT_RTOS_base THUMB Debug/tasks.o
 .text.xTaskGetSchedulerState
                0x08001f78       0x3c IoT_RTOS_base THUMB Debug/tasks.o
                0x08001f78                xTaskGetSchedulerState
 .text.pvPortMalloc
                0x08001fb4      0x184 IoT_RTOS_base THUMB Debug/heap_4.o
                0x08001fb4                pvPortMalloc
 .text.vPortFree
                0x08002138       0xb0 IoT_RTOS_base THUMB Debug/heap_4.o
                0x08002138                vPortFree
 .text.prvHeapInit
                0x080021e8       0xc4 IoT_RTOS_base THUMB Debug/heap_4.o
 .text.prvInsertBlockIntoFreeList
                0x080022ac       0xb0 IoT_RTOS_base THUMB Debug/heap_4.o
 .text.pxPortInitialiseStack
                0x0800235c       0x64 IoT_RTOS_base THUMB Debug/port.o
                0x0800235c                pxPortInitialiseStack
 .text.prvTaskExitError
                0x080023c0       0x3c IoT_RTOS_base THUMB Debug/port.o
 .text.SVC_Handler
                0x080023fc       0x20 IoT_RTOS_base THUMB Debug/port.o
                0x080023fc                SVC_Handler
 .text.prvPortStartFirstTask
                0x0800241c       0x20 IoT_RTOS_base THUMB Debug/port.o
 .text.xPortStartScheduler
                0x0800243c      0x118 IoT_RTOS_base THUMB Debug/port.o
                0x0800243c                xPortStartScheduler
 .text.vPortEnterCritical
                0x08002554       0x5c IoT_RTOS_base THUMB Debug/port.o
                0x08002554                vPortEnterCritical
 .text.vPortExitCritical
                0x080025b0       0x4c IoT_RTOS_base THUMB Debug/port.o
                0x080025b0                vPortExitCritical
 .text.PendSV_Handler
                0x080025fc       0x60 IoT_RTOS_base THUMB Debug/port.o
                0x080025fc                PendSV_Handler
 .text.xPortSysTickHandler
                0x0800265c       0x44 IoT_RTOS_base THUMB Debug/port.o
                0x0800265c                xPortSysTickHandler
 .text.vPortSetupTimerInterrupt
                0x080026a0       0x34 IoT_RTOS_base THUMB Debug/port.o
                0x080026a0                vPortSetupTimerInterrupt
 .text.vPortEnableVFP
                0x080026d4       0x14 IoT_RTOS_base THUMB Debug/port.o
 .text.Application_init
                0x080026e8        0xc IoT_RTOS_base THUMB Debug/iots_application.o
                0x080026e8                Application_init
 .text.Datalink_init
                0x080026f4        0xc IoT_RTOS_base THUMB Debug/iots_datalink.o
                0x080026f4                Datalink_init
 .text.Network_init
                0x08002700        0xc IoT_RTOS_base THUMB Debug/iots_network.o
                0x08002700                Network_init
 .text.Phy_init
                0x0800270c       0x5c IoT_RTOS_base THUMB Debug/iots_physical.o
                0x0800270c                Phy_init
 .text.BlinkRed
                0x08002768        0xc IoT_RTOS_base THUMB Debug/iots_physical.o
 .text.Phy_threadFrame
                0x08002774       0x20 IoT_RTOS_base THUMB Debug/iots_physical.o
 .text.Iot_stack_init
                0x08002794       0x6c IoT_RTOS_base THUMB Debug/iots_system.o
                0x08002794                Iot_stack_init
 .text.StartDefaultTask
                0x08002800       0x10 IoT_RTOS_base THUMB Debug/iots_system.o
 .text.BlinkGreen
                0x08002810       0x20 IoT_RTOS_base THUMB Debug/iots_system.o
 .text.main     0x08002830       0x1c IoT_RTOS_base THUMB Debug/main.o
                0x08002830                main
 .text.SystemClock_Config
                0x0800284c       0xb4 IoT_RTOS_base THUMB Debug/main.o
                0x0800284c                SystemClock_Config
 .text.MX_GPIO_Init
                0x08002900      0x450 IoT_RTOS_base THUMB Debug/main.o
 .text.HAL_MspInit
                0x08002d50       0x18 IoT_RTOS_base THUMB Debug/stm32f4xx_hal_msp.o
                0x08002d50                HAL_MspInit
 .text.SysTick_Handler
                0x08002d68       0x10 IoT_RTOS_base THUMB Debug/stm32f4xx_it.o
                0x08002d68                SysTick_Handler
 .text.UART5_IRQHandler
                0x08002d78        0xc IoT_RTOS_base THUMB Debug/stm32f4xx_it.o
                0x08002d78                UART5_IRQHandler
 .text.libc.memset
                0x08002d84       0x60 C:/Program Files (x86)/Rowley Associates Limited/CrossWorks for ARM 3.5/lib/libc_v7em_fpv4_sp_d16_hard_t_le_eabi.a(libc2_asm.o)
                0x08002d84                memset
                0x08002de4                __text_end__ = (__text_start__ + SIZEOF (.text))
                0x000029bc                __text_size__ = SIZEOF (.text)
                0x08002de4                __text_load_end__ = __text_end__

.vfp11_veneer   0x00000000        0x0
 .vfp11_veneer  0x00000000        0x0 linker stubs

.v4_bx          0x00000000        0x0
 .v4_bx         0x00000000        0x0 linker stubs

.iplt           0x00000000        0x0
 .iplt          0x00000000        0x0 IoT_RTOS_base THUMB Debug/system_stm32f4xx.o
                0x00000001                . = ASSERT (((__text_start__ == __text_end__) || ((__text_end__ >= __FLASH_segment_start__) && (__text_end__ <= __FLASH_segment_end__))), error: .text is too large to fit in FLASH memory segment)
                0x08002de4                __dtors_load_start__ = ALIGN (__text_end__, 0x4)

.dtors          0x08002de4        0x0
                0x08002de4                __dtors_start__ = .
 *(SORT(.dtors.*))
 *(.dtors)
 *(.fini_array)
 *(SORT(.fini_array.*))
                0x08002de4                __dtors_end__ = (__dtors_start__ + SIZEOF (.dtors))
                0x00000000                __dtors_size__ = SIZEOF (.dtors)
                0x08002de4                __dtors_load_end__ = __dtors_end__
                0x00000001                . = ASSERT (((__dtors_start__ == __dtors_end__) || ((__dtors_end__ >= __FLASH_segment_start__) && (__dtors_end__ <= __FLASH_segment_end__))), error: .dtors is too large to fit in FLASH memory segment)
                0x08002de4                __ctors_load_start__ = ALIGN (__dtors_end__, 0x4)

.ctors          0x08002de4        0x0
                0x08002de4                __ctors_start__ = .
 *(SORT(.ctors.*))
 *(.ctors)
 *(.init_array)
 *(SORT(.init_array.*))
                0x08002de4                __ctors_end__ = (__ctors_start__ + SIZEOF (.ctors))
                0x00000000                __ctors_size__ = SIZEOF (.ctors)
                0x08002de4                __ctors_load_end__ = __ctors_end__
                0x00000001                . = ASSERT (((__ctors_start__ == __ctors_end__) || ((__ctors_end__ >= __FLASH_segment_start__) && (__ctors_end__ <= __FLASH_segment_end__))), error: .ctors is too large to fit in FLASH memory segment)
                0x08002de4                __rodata_load_start__ = ALIGN (__ctors_end__, 0x4)

.rodata         0x08002de4       0x9c
                0x08002de4                __rodata_start__ = .
 *(.rodata .rodata.* .gnu.linkonce.r.*)
 .rodata.APBAHBPrescTable
                0x08002de4       0x10 IoT_RTOS_base THUMB Debug/stm32f4xx_hal_rcc.o
                0x08002de4                APBAHBPrescTable
 .rodata        0x08002df4        0x5 IoT_RTOS_base THUMB Debug/tasks.o
 *fill*         0x08002df9        0x3 
 .rodata        0x08002dfc       0x40 IoT_RTOS_base THUMB Debug/iots_physical.o
 .rodata        0x08002e3c       0x44 IoT_RTOS_base THUMB Debug/iots_system.o
                0x08002e80                __rodata_end__ = (__rodata_start__ + SIZEOF (.rodata))
                0x0000009c                __rodata_size__ = SIZEOF (.rodata)
                0x08002e80                __rodata_load_end__ = __rodata_end__

.rel.dyn        0x08000000        0x0
 .rel.iplt      0x00000000        0x0 IoT_RTOS_base THUMB Debug/system_stm32f4xx.o
                0x00000001                . = ASSERT (((__rodata_start__ == __rodata_end__) || ((__rodata_end__ >= __FLASH_segment_start__) && (__rodata_end__ <= __FLASH_segment_end__))), error: .rodata is too large to fit in FLASH memory segment)
                0x08002e80                __ARM.exidx_load_start__ = ALIGN (__rodata_end__, 0x4)

.ARM.exidx      0x08002e80        0x0
                0x08002e80                __ARM.exidx_start__ = .
                0x08002e80                __exidx_start = __ARM.exidx_start__
 *(.ARM.exidx .ARM.exidx.*)
                0x08002e80                __ARM.exidx_end__ = (__ARM.exidx_start__ + SIZEOF (.ARM.exidx))
                0x00000000                __ARM.exidx_size__ = SIZEOF (.ARM.exidx)
                0x08002e80                __exidx_end = __ARM.exidx_end__
                0x08002e80                __ARM.exidx_load_end__ = __ARM.exidx_end__
                0x00000001                . = ASSERT (((__ARM.exidx_start__ == __ARM.exidx_end__) || ((__ARM.exidx_end__ >= __FLASH_segment_start__) && (__ARM.exidx_end__ <= __FLASH_segment_end__))), error: .ARM.exidx is too large to fit in FLASH memory segment)
                0x08002e80                __fast_load_start__ = ALIGN (__ARM.exidx_end__, 0x4)

.fast           0x20000000        0x0 load address 0x08002e80
                0x20000000                __fast_start__ = .
 *(.fast .fast.*)
                0x20000000                __fast_end__ = (__fast_start__ + SIZEOF (.fast))
                0x00000000                __fast_size__ = SIZEOF (.fast)
                0x08002e80                __fast_load_end__ = (__fast_load_start__ + SIZEOF (.fast))
                0x00000001                . = ASSERT (((__fast_load_start__ == __fast_load_end__) || ((__fast_load_end__ >= __FLASH_segment_start__) && (__fast_load_end__ <= __FLASH_segment_end__))), error: .fast is too large to fit in FLASH memory segment)

.fast_run       0x20000000        0x0
                0x20000000                __fast_run_start__ = .
                0x20000000                . = MAX ((__fast_run_start__ + SIZEOF (.fast)), .)
                0x20000000                __fast_run_end__ = (__fast_run_start__ + SIZEOF (.fast_run))
                0x00000000                __fast_run_size__ = SIZEOF (.fast_run)
                0x20000000                __fast_run_load_end__ = __fast_run_end__
                0x00000001                . = ASSERT (((__fast_run_start__ == __fast_run_end__) || ((__fast_run_end__ >= __RAM_segment_start__) && (__fast_run_end__ <= __RAM_segment_end__))), error: .fast_run is too large to fit in RAM memory segment)
                0x08002e80                __data_load_start__ = ALIGN ((__fast_load_start__ + SIZEOF (.fast)), 0x4)

.data           0x20000000        0xc load address 0x08002e80
                0x20000000                __data_start__ = .
 *(.data .data.* .gnu.linkonce.d.*)
 .data.SystemCoreClock
                0x20000000        0x4 IoT_RTOS_base THUMB Debug/system_stm32f4xx.o
                0x20000000                SystemCoreClock
 .data.xNextTaskUnblockTime
                0x20000004        0x4 IoT_RTOS_base THUMB Debug/tasks.o
 .data.uxCriticalNesting
                0x20000008        0x4 IoT_RTOS_base THUMB Debug/port.o
                0x2000000c                __data_end__ = (__data_start__ + SIZEOF (.data))
                0x0000000c                __data_size__ = SIZEOF (.data)
                0x08002e8c                __data_load_end__ = (__data_load_start__ + SIZEOF (.data))

.igot.plt       0x00000000        0x0
 .igot.plt      0x00000000        0x0 IoT_RTOS_base THUMB Debug/system_stm32f4xx.o
                0x00000001                . = ASSERT (((__data_load_start__ == __data_load_end__) || ((__data_load_end__ >= __FLASH_segment_start__) && (__data_load_end__ <= __FLASH_segment_end__))), error: .data is too large to fit in FLASH memory segment)

.data_run       0x20000000        0xc load address 0x08002e80
                0x20000000                __data_run_start__ = .
                0x2000000c                . = MAX ((__data_run_start__ + SIZEOF (.data)), .)
 *fill*         0x20000000        0xc 
                0x2000000c                __data_run_end__ = (__data_run_start__ + SIZEOF (.data_run))
                0x0000000c                __data_run_size__ = SIZEOF (.data_run)
                0x2000000c                __data_run_load_end__ = __data_run_end__
                0x00000001                . = ASSERT (((__data_run_start__ == __data_run_end__) || ((__data_run_end__ >= __RAM_segment_start__) && (__data_run_end__ <= __RAM_segment_end__))), error: .data_run is too large to fit in RAM memory segment)
                0x08002e8c                __tdata_load_start__ = ALIGN ((__data_load_start__ + SIZEOF (.data)), 0x4)

.tdata          0x2000000c        0x0 load address 0x08002e8c
                0x2000000c                __tdata_start__ = .
 *(.tdata .tdata.*)
                0x2000000c                __tdata_end__ = (__tdata_start__ + SIZEOF (.tdata))
                0x00000000                __tdata_size__ = SIZEOF (.tdata)
                0x08002e8c                __tdata_load_end__ = (__tdata_load_start__ + SIZEOF (.tdata))
                0x08002e8c                __FLASH_segment_used_end__ = (ALIGN ((__data_load_start__ + SIZEOF (.data)), 0x4) + SIZEOF (.tdata))
                0x00002e8c                __FLASH_segment_used_size__ = (__FLASH_segment_used_end__ - __FLASH_segment_start__)
                0x00000001                . = ASSERT (((__tdata_load_start__ == __tdata_load_end__) || ((__tdata_load_end__ >= __FLASH_segment_start__) && (__tdata_load_end__ <= __FLASH_segment_end__))), error: .tdata is too large to fit in FLASH memory segment)

.tdata_run      0x2000000c        0x0
                0x2000000c                __tdata_run_start__ = .
                0x2000000c                . = MAX ((__tdata_run_start__ + SIZEOF (.tdata)), .)
                0x2000000c                __tdata_run_end__ = (__tdata_run_start__ + SIZEOF (.tdata_run))
                0x00000000                __tdata_run_size__ = SIZEOF (.tdata_run)
                0x2000000c                __tdata_run_load_end__ = __tdata_run_end__
                0x00000001                . = ASSERT (((__tdata_run_start__ == __tdata_run_end__) || ((__tdata_run_end__ >= __RAM_segment_start__) && (__tdata_run_end__ <= __RAM_segment_end__))), error: .tdata_run is too large to fit in RAM memory segment)
                0x2000000c                __bss_load_start__ = ALIGN (__tdata_run_end__, 0x4)

.bss            0x2000000c     0x3d58
                0x2000000c                __bss_start__ = .
 *(.bss .bss.* .gnu.linkonce.b.*)
 .bss.uwTick    0x2000000c        0x4 IoT_RTOS_base THUMB Debug/stm32f4xx_hal.o
 .bss.pxCurrentTCB
                0x20000010        0x4 IoT_RTOS_base THUMB Debug/tasks.o
                0x20000010                pxCurrentTCB
 .bss.pxReadyTasksLists
                0x20000014       0x8c IoT_RTOS_base THUMB Debug/tasks.o
 .bss.xDelayedTaskList1
                0x200000a0       0x14 IoT_RTOS_base THUMB Debug/tasks.o
 .bss.xDelayedTaskList2
                0x200000b4       0x14 IoT_RTOS_base THUMB Debug/tasks.o
 .bss.pxDelayedTaskList
                0x200000c8        0x4 IoT_RTOS_base THUMB Debug/tasks.o
 .bss.pxOverflowDelayedTaskList
                0x200000cc        0x4 IoT_RTOS_base THUMB Debug/tasks.o
 .bss.xPendingReadyList
                0x200000d0       0x14 IoT_RTOS_base THUMB Debug/tasks.o
 .bss.xTasksWaitingTermination
                0x200000e4       0x14 IoT_RTOS_base THUMB Debug/tasks.o
 .bss.uxTasksDeleted
                0x200000f8        0x4 IoT_RTOS_base THUMB Debug/tasks.o
 .bss.xSuspendedTaskList
                0x200000fc       0x14 IoT_RTOS_base THUMB Debug/tasks.o
 .bss.uxCurrentNumberOfTasks
                0x20000110        0x4 IoT_RTOS_base THUMB Debug/tasks.o
 .bss.xTickCount
                0x20000114        0x4 IoT_RTOS_base THUMB Debug/tasks.o
 .bss.uxTopReadyPriority
                0x20000118        0x4 IoT_RTOS_base THUMB Debug/tasks.o
 .bss.xSchedulerRunning
                0x2000011c        0x4 IoT_RTOS_base THUMB Debug/tasks.o
 .bss.uxPendedTicks
                0x20000120        0x4 IoT_RTOS_base THUMB Debug/tasks.o
 .bss.xYieldPending
                0x20000124        0x4 IoT_RTOS_base THUMB Debug/tasks.o
 .bss.xNumOfOverflows
                0x20000128        0x4 IoT_RTOS_base THUMB Debug/tasks.o
 .bss.uxTaskNumber
                0x2000012c        0x4 IoT_RTOS_base THUMB Debug/tasks.o
 .bss.uxSchedulerSuspended
                0x20000130        0x4 IoT_RTOS_base THUMB Debug/tasks.o
 .bss.ucHeap    0x20000134     0x3c00 IoT_RTOS_base THUMB Debug/heap_4.o
 .bss.xStart    0x20003d34        0x8 IoT_RTOS_base THUMB Debug/heap_4.o
 .bss.pxEnd     0x20003d3c        0x4 IoT_RTOS_base THUMB Debug/heap_4.o
 .bss.xFreeBytesRemaining
                0x20003d40        0x4 IoT_RTOS_base THUMB Debug/heap_4.o
 .bss.xMinimumEverFreeBytesRemaining
                0x20003d44        0x4 IoT_RTOS_base THUMB Debug/heap_4.o
 .bss.xBlockAllocatedBit
                0x20003d48        0x4 IoT_RTOS_base THUMB Debug/heap_4.o
 .bss.ucMaxSysCallPriority
                0x20003d4c        0x1 IoT_RTOS_base THUMB Debug/port.o
 *fill*         0x20003d4d        0x3 
 .bss.ulMaxPRIGROUPValue
                0x20003d50        0x4 IoT_RTOS_base THUMB Debug/port.o
 .bss.FlashLEDRedHandle
                0x20003d54        0x4 IoT_RTOS_base THUMB Debug/iots_physical.o
 .bss.Phy_threadFrameHandle
                0x20003d58        0x4 IoT_RTOS_base THUMB Debug/iots_physical.o
 .bss.defaultTaskHandle
                0x20003d5c        0x4 IoT_RTOS_base THUMB Debug/iots_system.o
 .bss.flashLEDgreenHandle
                0x20003d60        0x4 IoT_RTOS_base THUMB Debug/iots_system.o
 *(COMMON)
                0x20003d64                __bss_end__ = (__bss_start__ + SIZEOF (.bss))
                0x00003d58                __bss_size__ = SIZEOF (.bss)
                0x20003d64                __bss_load_end__ = __bss_end__
                0x00000001                . = ASSERT (((__bss_start__ == __bss_end__) || ((__bss_end__ >= __RAM_segment_start__) && (__bss_end__ <= __RAM_segment_end__))), error: .bss is too large to fit in RAM memory segment)
                0x20003d64                __tbss_load_start__ = ALIGN (__bss_end__, 0x4)

.tbss           0x20003d64        0x0
                0x20003d64                __tbss_start__ = .
 *(.tbss .tbss.*)
                0x20003d64                __tbss_end__ = (__tbss_start__ + SIZEOF (.tbss))
                0x00000000                __tbss_size__ = SIZEOF (.tbss)
                0x20003d64                __tbss_load_end__ = __tbss_end__
                0x00000001                . = ASSERT (((__tbss_start__ == __tbss_end__) || ((__tbss_end__ >= __RAM_segment_start__) && (__tbss_end__ <= __RAM_segment_end__))), error: .tbss is too large to fit in RAM memory segment)
                0x20003d64                __non_init_load_start__ = ALIGN (__tbss_end__, 0x4)

.non_init       0x20003d64        0x0
                0x20003d64                __non_init_start__ = .
 *(.non_init .non_init.*)
                0x20003d64                __non_init_end__ = (__non_init_start__ + SIZEOF (.non_init))
                0x00000000                __non_init_size__ = SIZEOF (.non_init)
                0x20003d64                __non_init_load_end__ = __non_init_end__
                0x00000001                . = ASSERT (((__non_init_start__ == __non_init_end__) || ((__non_init_end__ >= __RAM_segment_start__) && (__non_init_end__ <= __RAM_segment_end__))), error: .non_init is too large to fit in RAM memory segment)
                0x20003d64                __heap_load_start__ = ALIGN (__non_init_end__, 0x4)

.heap           0x20003d64       0x80
                0x20003d64                __heap_start__ = .
 *(.heap .heap.*)
                0x20003de4                . = ALIGN (MAX ((__heap_start__ + __HEAPSIZE__), .), 0x4)
 *fill*         0x20003d64       0x80 
                0x20003de4                __heap_end__ = (__heap_start__ + SIZEOF (.heap))
                0x00000080                __heap_size__ = SIZEOF (.heap)
                0x20003de4                __heap_load_end__ = __heap_end__
                0x00000001                . = ASSERT (((__heap_start__ == __heap_end__) || ((__heap_end__ >= __RAM_segment_start__) && (__heap_end__ <= __RAM_segment_end__))), error: .heap is too large to fit in RAM memory segment)
                0x20003de8                __stack_load_start__ = ALIGN (__heap_end__, 0x8)

.stack          0x20003de8      0x100
                0x20003de8                __stack_start__ = .
 *(.stack .stack.*)
                0x20003ee8                . = ALIGN (MAX ((__stack_start__ + __STACKSIZE__), .), 0x8)
 *fill*         0x20003de8      0x100 
                0x20003ee8                __stack_end__ = (__stack_start__ + SIZEOF (.stack))
                0x00000100                __stack_size__ = SIZEOF (.stack)
                0x20003ee8                __stack_load_end__ = __stack_end__
                0x00000001                . = ASSERT (((__stack_start__ == __stack_end__) || ((__stack_end__ >= __RAM_segment_start__) && (__stack_end__ <= __RAM_segment_end__))), error: .stack is too large to fit in RAM memory segment)
                0x20003ee8                __stack_process_load_start__ = ALIGN (__stack_end__, 0x8)

.stack_process  0x20003ee8        0x0
                0x20003ee8                __stack_process_start__ = .
 *(.stack_process .stack_process.*)
                0x20003ee8                . = ALIGN (MAX ((__stack_process_start__ + __STACKSIZE_PROCESS__), .), 0x8)
                0x20003ee8                __stack_process_end__ = (__stack_process_start__ + SIZEOF (.stack_process))
                0x00000000                __stack_process_size__ = SIZEOF (.stack_process)
                0x20003ee8                __stack_process_load_end__ = __stack_process_end__
                0x20003ee8                __RAM_segment_used_end__ = (ALIGN (__stack_end__, 0x8) + SIZEOF (.stack_process))
                0x00003ee8                __RAM_segment_used_size__ = (__RAM_segment_used_end__ - __RAM_segment_start__)
                0x00000001                . = ASSERT (((__stack_process_start__ == __stack_process_end__) || ((__stack_process_end__ >= __RAM_segment_start__) && (__stack_process_end__ <= __RAM_segment_end__))), error: .stack_process is too large to fit in RAM memory segment)
START GROUP
LOAD IoT_RTOS_base THUMB Debug/system_stm32f4xx.o
LOAD IoT_RTOS_base THUMB Debug/stm32f4xx_hal_flash_ramfunc.o
LOAD IoT_RTOS_base THUMB Debug/stm32f4xx_hal_gpio.o
LOAD IoT_RTOS_base THUMB Debug/stm32f4xx_hal_cortex.o
LOAD IoT_RTOS_base THUMB Debug/stm32f4xx_hal_dma_ex.o
LOAD IoT_RTOS_base THUMB Debug/stm32f4xx_hal_dma.o
LOAD IoT_RTOS_base THUMB Debug/stm32f4xx_hal.o
LOAD IoT_RTOS_base THUMB Debug/stm32f4xx_hal_rcc_ex.o
LOAD IoT_RTOS_base THUMB Debug/stm32f4xx_hal_flash_ex.o
LOAD IoT_RTOS_base THUMB Debug/stm32f4xx_hal_pwr.o
LOAD IoT_RTOS_base THUMB Debug/stm32f4xx_hal_flash.o
LOAD IoT_RTOS_base THUMB Debug/stm32f4xx_hal_rcc.o
LOAD IoT_RTOS_base THUMB Debug/stm32f4xx_hal_pwr_ex.o
LOAD IoT_RTOS_base THUMB Debug/stm32f4xx_hal_uart.o
LOAD IoT_RTOS_base THUMB Debug/cmsis_os.o
LOAD IoT_RTOS_base THUMB Debug/list.o
LOAD IoT_RTOS_base THUMB Debug/queue.o
LOAD IoT_RTOS_base THUMB Debug/croutine.o
LOAD IoT_RTOS_base THUMB Debug/tasks.o
LOAD IoT_RTOS_base THUMB Debug/heap_4.o
LOAD IoT_RTOS_base THUMB Debug/event_groups.o
LOAD IoT_RTOS_base THUMB Debug/timers.o
LOAD IoT_RTOS_base THUMB Debug/port.o
LOAD IoT_RTOS_base THUMB Debug/iots.o
LOAD IoT_RTOS_base THUMB Debug/iots_application.o
LOAD IoT_RTOS_base THUMB Debug/iots_datalink.o
LOAD IoT_RTOS_base THUMB Debug/iots_network.o
LOAD IoT_RTOS_base THUMB Debug/iots_physical.o
LOAD IoT_RTOS_base THUMB Debug/iots_system.o
LOAD IoT_RTOS_base THUMB Debug/main.o
LOAD IoT_RTOS_base THUMB Debug/stm32f4xx_hal_msp.o
LOAD IoT_RTOS_base THUMB Debug/freertos.o
LOAD IoT_RTOS_base THUMB Debug/stm32f4xx_it.o
LOAD IoT_RTOS_base THUMB Debug/thumb_crt0.o
LOAD IoT_RTOS_base THUMB Debug/STM32_Startup.o
LOAD C:/Program Files (x86)/Rowley Associates Limited/CrossWorks for ARM 3.5/lib/libcm_v7em_fpv4_sp_d16_hard_t_le_eabi.a
LOAD C:/Program Files (x86)/Rowley Associates Limited/CrossWorks for ARM 3.5/lib/libdebugio_mempoll_v7em_fpv4_sp_d16_hard_t_le_eabi.a
LOAD C:/Program Files (x86)/Rowley Associates Limited/CrossWorks for ARM 3.5/lib/libm_v7em_fpv4_sp_d16_hard_t_le_eabi.a
LOAD C:/Program Files (x86)/Rowley Associates Limited/CrossWorks for ARM 3.5/lib/libc_v7em_fpv4_sp_d16_hard_t_le_eabi.a
LOAD C:/Program Files (x86)/Rowley Associates Limited/CrossWorks for ARM 3.5/lib/libcpp_v7em_fpv4_sp_d16_hard_t_le_eabi.a
LOAD C:/Program Files (x86)/Rowley Associates Limited/CrossWorks for ARM 3.5/lib/libdebugio_v7em_fpv4_sp_d16_hard_t_le_eabi.a
LOAD C:/Program Files (x86)/Rowley Associates Limited/CrossWorks for ARM 3.5/lib/libvfprintf_v7em_fpv4_sp_d16_hard_t_le_eabi.o
LOAD C:/Program Files (x86)/Rowley Associates Limited/CrossWorks for ARM 3.5/lib/libvfscanf_v7em_fpv4_sp_d16_hard_t_le_eabi.o
END GROUP
OUTPUT(IoT_RTOS_base THUMB Debug/IoT_RTOS_base.elf elf32-littlearm)

.debug_frame    0x00000000     0x3030
 .debug_frame   0x00000000       0x80 IoT_RTOS_base THUMB Debug/system_stm32f4xx.o
 .debug_frame   0x00000080      0x208 IoT_RTOS_base THUMB Debug/stm32f4xx_hal_gpio.o
 .debug_frame   0x00000288      0x6a4 IoT_RTOS_base THUMB Debug/stm32f4xx_hal_cortex.o
 .debug_frame   0x0000092c      0x498 IoT_RTOS_base THUMB Debug/stm32f4xx_hal.o
 .debug_frame   0x00000dc4      0x304 IoT_RTOS_base THUMB Debug/stm32f4xx_hal_rcc.o
 .debug_frame   0x000010c8      0xb10 IoT_RTOS_base THUMB Debug/cmsis_os.o
 .debug_frame   0x00001bd8      0x150 IoT_RTOS_base THUMB Debug/list.o
 .debug_frame   0x00001d28      0xb30 IoT_RTOS_base THUMB Debug/tasks.o
 .debug_frame   0x00002858      0x190 IoT_RTOS_base THUMB Debug/heap_4.o
 .debug_frame   0x000029e8      0x258 IoT_RTOS_base THUMB Debug/port.o
 .debug_frame   0x00002c40       0x40 IoT_RTOS_base THUMB Debug/iots_application.o
 .debug_frame   0x00002c80       0x40 IoT_RTOS_base THUMB Debug/iots_datalink.o
 .debug_frame   0x00002cc0       0x40 IoT_RTOS_base THUMB Debug/iots_network.o
 .debug_frame   0x00002d00       0xa0 IoT_RTOS_base THUMB Debug/iots_physical.o
 .debug_frame   0x00002da0       0xa4 IoT_RTOS_base THUMB Debug/iots_system.o
 .debug_frame   0x00002e44       0xa4 IoT_RTOS_base THUMB Debug/main.o
 .debug_frame   0x00002ee8       0x34 IoT_RTOS_base THUMB Debug/stm32f4xx_hal_msp.o
 .debug_frame   0x00002f1c       0x64 IoT_RTOS_base THUMB Debug/stm32f4xx_it.o
 .debug_frame   0x00002f80       0xb0 C:/Program Files (x86)/Rowley Associates Limited/CrossWorks for ARM 3.5/lib/libc_v7em_fpv4_sp_d16_hard_t_le_eabi.a(libc2_asm.o)

.debug_info     0x00000000     0x7bf0
 .debug_info    0x00000000      0x496 IoT_RTOS_base THUMB Debug/system_stm32f4xx.o
 .debug_info    0x00000496      0x6e3 IoT_RTOS_base THUMB Debug/stm32f4xx_hal_gpio.o
 .debug_info    0x00000b79      0xd06 IoT_RTOS_base THUMB Debug/stm32f4xx_hal_cortex.o
 .debug_info    0x0000187f      0x9f8 IoT_RTOS_base THUMB Debug/stm32f4xx_hal.o
 .debug_info    0x00002277      0xdf5 IoT_RTOS_base THUMB Debug/stm32f4xx_hal_rcc.o
 .debug_info    0x0000306c     0x11f1 IoT_RTOS_base THUMB Debug/cmsis_os.o
 .debug_info    0x0000425d      0x296 IoT_RTOS_base THUMB Debug/list.o
 .debug_info    0x000044f3     0x1adc IoT_RTOS_base THUMB Debug/tasks.o
 .debug_info    0x00005fcf      0x3b9 IoT_RTOS_base THUMB Debug/heap_4.o
 .debug_info    0x00006388      0x51d IoT_RTOS_base THUMB Debug/port.o
 .debug_info    0x000068a5       0xab IoT_RTOS_base THUMB Debug/iots_application.o
 .debug_info    0x00006950       0xab IoT_RTOS_base THUMB Debug/iots_datalink.o
 .debug_info    0x000069fb       0xab IoT_RTOS_base THUMB Debug/iots_network.o
 .debug_info    0x00006aa6      0x2d9 IoT_RTOS_base THUMB Debug/iots_physical.o
 .debug_info    0x00006d7f      0x2d9 IoT_RTOS_base THUMB Debug/iots_system.o
 .debug_info    0x00007058      0x629 IoT_RTOS_base THUMB Debug/main.o
 .debug_info    0x00007681      0x31e IoT_RTOS_base THUMB Debug/stm32f4xx_hal_msp.o
 .debug_info    0x0000799f       0xbc IoT_RTOS_base THUMB Debug/stm32f4xx_it.o
 .debug_info    0x00007a5b       0xbd IoT_RTOS_base THUMB Debug/thumb_crt0.o
 .debug_info    0x00007b18       0xd8 IoT_RTOS_base THUMB Debug/STM32_Startup.o

.debug_abbrev   0x00000000     0x19ef
 .debug_abbrev  0x00000000      0x104 IoT_RTOS_base THUMB Debug/system_stm32f4xx.o
 .debug_abbrev  0x00000104      0x1ad IoT_RTOS_base THUMB Debug/stm32f4xx_hal_gpio.o
 .debug_abbrev  0x000002b1      0x2c1 IoT_RTOS_base THUMB Debug/stm32f4xx_hal_cortex.o
 .debug_abbrev  0x00000572      0x202 IoT_RTOS_base THUMB Debug/stm32f4xx_hal.o
 .debug_abbrev  0x00000774      0x297 IoT_RTOS_base THUMB Debug/stm32f4xx_hal_rcc.o
 .debug_abbrev  0x00000a0b      0x2d8 IoT_RTOS_base THUMB Debug/cmsis_os.o
 .debug_abbrev  0x00000ce3       0xc1 IoT_RTOS_base THUMB Debug/list.o
 .debug_abbrev  0x00000da4      0x281 IoT_RTOS_base THUMB Debug/tasks.o
 .debug_abbrev  0x00001025      0x1bc IoT_RTOS_base THUMB Debug/heap_4.o
 .debug_abbrev  0x000011e1      0x1d1 IoT_RTOS_base THUMB Debug/port.o
 .debug_abbrev  0x000013b2       0x6a IoT_RTOS_base THUMB Debug/iots_application.o
 .debug_abbrev  0x0000141c       0x6a IoT_RTOS_base THUMB Debug/iots_datalink.o
 .debug_abbrev  0x00001486       0x6a IoT_RTOS_base THUMB Debug/iots_network.o
 .debug_abbrev  0x000014f0      0x155 IoT_RTOS_base THUMB Debug/iots_physical.o
 .debug_abbrev  0x00001645      0x13d IoT_RTOS_base THUMB Debug/iots_system.o
 .debug_abbrev  0x00001782      0x145 IoT_RTOS_base THUMB Debug/main.o
 .debug_abbrev  0x000018c7       0x80 IoT_RTOS_base THUMB Debug/stm32f4xx_hal_msp.o
 .debug_abbrev  0x00001947       0x82 IoT_RTOS_base THUMB Debug/stm32f4xx_it.o
 .debug_abbrev  0x000019c9       0x12 IoT_RTOS_base THUMB Debug/thumb_crt0.o
 .debug_abbrev  0x000019db       0x14 IoT_RTOS_base THUMB Debug/STM32_Startup.o

.debug_aranges  0x00000000      0x948
 .debug_aranges
                0x00000000       0x28 IoT_RTOS_base THUMB Debug/system_stm32f4xx.o
 .debug_aranges
                0x00000028       0x58 IoT_RTOS_base THUMB Debug/stm32f4xx_hal_gpio.o
 .debug_aranges
                0x00000080      0x108 IoT_RTOS_base THUMB Debug/stm32f4xx_hal_cortex.o
 .debug_aranges
                0x00000188       0xd0 IoT_RTOS_base THUMB Debug/stm32f4xx_hal.o
 .debug_aranges
                0x00000258       0x88 IoT_RTOS_base THUMB Debug/stm32f4xx_hal_rcc.o
 .debug_aranges
                0x000002e0      0x1b0 IoT_RTOS_base THUMB Debug/cmsis_os.o
 .debug_aranges
                0x00000490       0x40 IoT_RTOS_base THUMB Debug/list.o
 .debug_aranges
                0x000004d0      0x1a8 IoT_RTOS_base THUMB Debug/tasks.o
 .debug_aranges
                0x00000678       0x50 IoT_RTOS_base THUMB Debug/heap_4.o
 .debug_aranges
                0x000006c8       0x80 IoT_RTOS_base THUMB Debug/port.o
 .debug_aranges
                0x00000748       0x20 IoT_RTOS_base THUMB Debug/iots_application.o
 .debug_aranges
                0x00000768       0x20 IoT_RTOS_base THUMB Debug/iots_datalink.o
 .debug_aranges
                0x00000788       0x20 IoT_RTOS_base THUMB Debug/iots_network.o
 .debug_aranges
                0x000007a8       0x30 IoT_RTOS_base THUMB Debug/iots_physical.o
 .debug_aranges
                0x000007d8       0x30 IoT_RTOS_base THUMB Debug/iots_system.o
 .debug_aranges
                0x00000808       0x30 IoT_RTOS_base THUMB Debug/main.o
 .debug_aranges
                0x00000838       0x20 IoT_RTOS_base THUMB Debug/stm32f4xx_hal_msp.o
 .debug_aranges
                0x00000858       0x28 IoT_RTOS_base THUMB Debug/stm32f4xx_it.o
 .debug_aranges
                0x00000880       0xa8 IoT_RTOS_base THUMB Debug/thumb_crt0.o
 .debug_aranges
                0x00000928       0x20 IoT_RTOS_base THUMB Debug/STM32_Startup.o

.debug_ranges   0x00000000      0x800
 .debug_ranges  0x00000000       0x18 IoT_RTOS_base THUMB Debug/system_stm32f4xx.o
 .debug_ranges  0x00000018       0x48 IoT_RTOS_base THUMB Debug/stm32f4xx_hal_gpio.o
 .debug_ranges  0x00000060       0xf8 IoT_RTOS_base THUMB Debug/stm32f4xx_hal_cortex.o
 .debug_ranges  0x00000158       0xc0 IoT_RTOS_base THUMB Debug/stm32f4xx_hal.o
 .debug_ranges  0x00000218       0x78 IoT_RTOS_base THUMB Debug/stm32f4xx_hal_rcc.o
 .debug_ranges  0x00000290      0x1a0 IoT_RTOS_base THUMB Debug/cmsis_os.o
 .debug_ranges  0x00000430       0x30 IoT_RTOS_base THUMB Debug/list.o
 .debug_ranges  0x00000460      0x198 IoT_RTOS_base THUMB Debug/tasks.o
 .debug_ranges  0x000005f8       0x40 IoT_RTOS_base THUMB Debug/heap_4.o
 .debug_ranges  0x00000638       0x70 IoT_RTOS_base THUMB Debug/port.o
 .debug_ranges  0x000006a8       0x10 IoT_RTOS_base THUMB Debug/iots_application.o
 .debug_ranges  0x000006b8       0x10 IoT_RTOS_base THUMB Debug/iots_datalink.o
 .debug_ranges  0x000006c8       0x10 IoT_RTOS_base THUMB Debug/iots_network.o
 .debug_ranges  0x000006d8       0x20 IoT_RTOS_base THUMB Debug/iots_physical.o
 .debug_ranges  0x000006f8       0x20 IoT_RTOS_base THUMB Debug/iots_system.o
 .debug_ranges  0x00000718       0x20 IoT_RTOS_base THUMB Debug/main.o
 .debug_ranges  0x00000738       0x10 IoT_RTOS_base THUMB Debug/stm32f4xx_hal_msp.o
 .debug_ranges  0x00000748       0x18 IoT_RTOS_base THUMB Debug/stm32f4xx_it.o
 .debug_ranges  0x00000760       0xa0 IoT_RTOS_base THUMB Debug/thumb_crt0.o

.debug_macro    0x00000000    0x13ca7
 .debug_macro   0x00000000      0x168 IoT_RTOS_base THUMB Debug/system_stm32f4xx.o
 .debug_macro   0x00000168      0x8ce IoT_RTOS_base THUMB Debug/system_stm32f4xx.o
 .debug_macro   0x00000a36       0x2e IoT_RTOS_base THUMB Debug/system_stm32f4xx.o
 .debug_macro   0x00000a64       0x28 IoT_RTOS_base THUMB Debug/system_stm32f4xx.o
 .debug_macro   0x00000a8c       0x3b IoT_RTOS_base THUMB Debug/system_stm32f4xx.o
 .debug_macro   0x00000ac7      0x188 IoT_RTOS_base THUMB Debug/system_stm32f4xx.o
 .debug_macro   0x00000c4f       0x2d IoT_RTOS_base THUMB Debug/system_stm32f4xx.o
 .debug_macro   0x00000c7c       0x42 IoT_RTOS_base THUMB Debug/system_stm32f4xx.o
 .debug_macro   0x00000cbe      0xd39 IoT_RTOS_base THUMB Debug/system_stm32f4xx.o
 .debug_macro   0x000019f7     0xa1f9 IoT_RTOS_base THUMB Debug/system_stm32f4xx.o
 .debug_macro   0x0000bbf0       0x43 IoT_RTOS_base THUMB Debug/system_stm32f4xx.o
 .debug_macro   0x0000bc33      0x196 IoT_RTOS_base THUMB Debug/system_stm32f4xx.o
 .debug_macro   0x0000bdc9     0x3222 IoT_RTOS_base THUMB Debug/system_stm32f4xx.o
 .debug_macro   0x0000efeb       0x89 IoT_RTOS_base THUMB Debug/system_stm32f4xx.o
 .debug_macro   0x0000f074       0x55 IoT_RTOS_base THUMB Debug/system_stm32f4xx.o
 .debug_macro   0x0000f0c9       0x5e IoT_RTOS_base THUMB Debug/system_stm32f4xx.o
 .debug_macro   0x0000f127      0x9db IoT_RTOS_base THUMB Debug/system_stm32f4xx.o
 .debug_macro   0x0000fb02      0x8b5 IoT_RTOS_base THUMB Debug/system_stm32f4xx.o
 .debug_macro   0x000103b7      0x11e IoT_RTOS_base THUMB Debug/system_stm32f4xx.o
 .debug_macro   0x000104d5      0x161 IoT_RTOS_base THUMB Debug/system_stm32f4xx.o
 .debug_macro   0x00010636       0x27 IoT_RTOS_base THUMB Debug/system_stm32f4xx.o
 .debug_macro   0x0001065d      0x272 IoT_RTOS_base THUMB Debug/system_stm32f4xx.o
 .debug_macro   0x000108cf       0x5f IoT_RTOS_base THUMB Debug/system_stm32f4xx.o
 .debug_macro   0x0001092e      0x241 IoT_RTOS_base THUMB Debug/system_stm32f4xx.o
 .debug_macro   0x00010b6f      0x13a IoT_RTOS_base THUMB Debug/system_stm32f4xx.o
 .debug_macro   0x00010ca9      0x41d IoT_RTOS_base THUMB Debug/system_stm32f4xx.o
 .debug_macro   0x000110c6       0x2e IoT_RTOS_base THUMB Debug/system_stm32f4xx.o
 .debug_macro   0x000110f4      0x11e IoT_RTOS_base THUMB Debug/system_stm32f4xx.o
 .debug_macro   0x00011212       0xe2 IoT_RTOS_base THUMB Debug/system_stm32f4xx.o
 .debug_macro   0x000112f4       0x89 IoT_RTOS_base THUMB Debug/system_stm32f4xx.o
 .debug_macro   0x0001137d      0x12c IoT_RTOS_base THUMB Debug/system_stm32f4xx.o
 .debug_macro   0x000114a9      0x19a IoT_RTOS_base THUMB Debug/stm32f4xx_hal_gpio.o
 .debug_macro   0x00011643      0x162 IoT_RTOS_base THUMB Debug/stm32f4xx_hal_cortex.o
 .debug_macro   0x000117a5      0x1b0 IoT_RTOS_base THUMB Debug/stm32f4xx_hal.o
 .debug_macro   0x00011955      0x18c IoT_RTOS_base THUMB Debug/stm32f4xx_hal_rcc.o
 .debug_macro   0x00011ae1      0x105 IoT_RTOS_base THUMB Debug/cmsis_os.o
 .debug_macro   0x00011be6       0x10 IoT_RTOS_base THUMB Debug/cmsis_os.o
 .debug_macro   0x00011bf6       0x16 IoT_RTOS_base THUMB Debug/cmsis_os.o
 .debug_macro   0x00011c0c       0x16 IoT_RTOS_base THUMB Debug/cmsis_os.o
 .debug_macro   0x00011c22       0xd2 IoT_RTOS_base THUMB Debug/cmsis_os.o
 .debug_macro   0x00011cf4       0x5e IoT_RTOS_base THUMB Debug/cmsis_os.o
 .debug_macro   0x00011d52       0xe4 IoT_RTOS_base THUMB Debug/cmsis_os.o
 .debug_macro   0x00011e36       0x10 IoT_RTOS_base THUMB Debug/cmsis_os.o
 .debug_macro   0x00011e46       0x1f IoT_RTOS_base THUMB Debug/cmsis_os.o
 .debug_macro   0x00011e65      0x3ae IoT_RTOS_base THUMB Debug/cmsis_os.o
 .debug_macro   0x00012213       0xc0 IoT_RTOS_base THUMB Debug/cmsis_os.o
 .debug_macro   0x000122d3       0x8c IoT_RTOS_base THUMB Debug/cmsis_os.o
 .debug_macro   0x0001235f       0x91 IoT_RTOS_base THUMB Debug/cmsis_os.o
 .debug_macro   0x000123f0       0xb0 IoT_RTOS_base THUMB Debug/cmsis_os.o
 .debug_macro   0x000124a0       0x7f IoT_RTOS_base THUMB Debug/cmsis_os.o
 .debug_macro   0x0001251f       0xcf IoT_RTOS_base THUMB Debug/cmsis_os.o
 .debug_macro   0x000125ee       0x9a IoT_RTOS_base THUMB Debug/list.o
 .debug_macro   0x00012688       0x2e IoT_RTOS_base THUMB Debug/list.o
 .debug_macro   0x000126b6       0x10 IoT_RTOS_base THUMB Debug/list.o
 .debug_macro   0x000126c6      0x13b IoT_RTOS_base THUMB Debug/tasks.o
 .debug_macro   0x00012801       0x16 IoT_RTOS_base THUMB Debug/tasks.o
 .debug_macro   0x00012817       0xc1 IoT_RTOS_base THUMB Debug/heap_4.o
 .debug_macro   0x000128d8      0x166 IoT_RTOS_base THUMB Debug/port.o
 .debug_macro   0x00012a3e      0x233 IoT_RTOS_base THUMB Debug/iots_application.o
 .debug_macro   0x00012c71      0x233 IoT_RTOS_base THUMB Debug/iots_datalink.o
 .debug_macro   0x00012ea4      0x233 IoT_RTOS_base THUMB Debug/iots_network.o
 .debug_macro   0x000130d7      0x238 IoT_RTOS_base THUMB Debug/iots_physical.o
 .debug_macro   0x0001330f      0x292 IoT_RTOS_base THUMB Debug/iots_system.o
 .debug_macro   0x000135a1      0x29d IoT_RTOS_base THUMB Debug/main.o
 .debug_macro   0x0001383e       0xd2 IoT_RTOS_base THUMB Debug/main.o
 .debug_macro   0x00013910      0x162 IoT_RTOS_base THUMB Debug/stm32f4xx_hal_msp.o
 .debug_macro   0x00013a72      0x235 IoT_RTOS_base THUMB Debug/stm32f4xx_it.o

.debug_line     0x00000000     0x72fe
 .debug_line    0x00000000      0x477 IoT_RTOS_base THUMB Debug/system_stm32f4xx.o
 .debug_line    0x00000477      0x634 IoT_RTOS_base THUMB Debug/stm32f4xx_hal_gpio.o
 .debug_line    0x00000aab      0x71e IoT_RTOS_base THUMB Debug/stm32f4xx_hal_cortex.o
 .debug_line    0x000011c9      0x619 IoT_RTOS_base THUMB Debug/stm32f4xx_hal.o
 .debug_line    0x000017e2      0x791 IoT_RTOS_base THUMB Debug/stm32f4xx_hal_rcc.o
 .debug_line    0x00001f73      0x93f IoT_RTOS_base THUMB Debug/cmsis_os.o
 .debug_line    0x000028b2      0x2b4 IoT_RTOS_base THUMB Debug/list.o
 .debug_line    0x00002b66      0xd0b IoT_RTOS_base THUMB Debug/tasks.o
 .debug_line    0x00003871      0x39e IoT_RTOS_base THUMB Debug/heap_4.o
 .debug_line    0x00003c0f      0x437 IoT_RTOS_base THUMB Debug/port.o
 .debug_line    0x00004046      0x5eb IoT_RTOS_base THUMB Debug/iots_application.o
 .debug_line    0x00004631      0x5e5 IoT_RTOS_base THUMB Debug/iots_datalink.o
 .debug_line    0x00004c16      0x5e3 IoT_RTOS_base THUMB Debug/iots_network.o
 .debug_line    0x000051f9      0x61b IoT_RTOS_base THUMB Debug/iots_physical.o
 .debug_line    0x00005814      0x67a IoT_RTOS_base THUMB Debug/iots_system.o
 .debug_line    0x00005e8e      0x706 IoT_RTOS_base THUMB Debug/main.o
 .debug_line    0x00006594      0x41c IoT_RTOS_base THUMB Debug/stm32f4xx_hal_msp.o
 .debug_line    0x000069b0      0x5c8 IoT_RTOS_base THUMB Debug/stm32f4xx_it.o
 .debug_line    0x00006f78      0x240 IoT_RTOS_base THUMB Debug/thumb_crt0.o
 .debug_line    0x000071b8      0x146 IoT_RTOS_base THUMB Debug/STM32_Startup.o

.debug_str      0x00000000    0x7c3fe
 .debug_str     0x00000000    0x73414 IoT_RTOS_base THUMB Debug/system_stm32f4xx.o
                              0x73565 (size before relaxing)
 .debug_str     0x00073414      0x35f IoT_RTOS_base THUMB Debug/stm32f4xx_hal_gpio.o
                              0x737a9 (size before relaxing)
 .debug_str     0x00073773      0x90b IoT_RTOS_base THUMB Debug/stm32f4xx_hal_cortex.o
                              0x73ddd (size before relaxing)
 .debug_str     0x0007407e      0x4f2 IoT_RTOS_base THUMB Debug/stm32f4xx_hal.o
                              0x73f8c (size before relaxing)
 .debug_str     0x00074570      0x3cf IoT_RTOS_base THUMB Debug/stm32f4xx_hal_rcc.o
                              0x7392d (size before relaxing)
 .debug_str     0x0007493f     0x5724 IoT_RTOS_base THUMB Debug/cmsis_os.o
                               0x863f (size before relaxing)
 .debug_str     0x0007a063      0x1ee IoT_RTOS_base THUMB Debug/list.o
                               0x59d1 (size before relaxing)
 .debug_str     0x0007a251     0x11ad IoT_RTOS_base THUMB Debug/tasks.o
                               0x7914 (size before relaxing)
 .debug_str     0x0007b3fe      0x298 IoT_RTOS_base THUMB Debug/heap_4.o
                               0x60d4 (size before relaxing)
 .debug_str     0x0007b696      0x817 IoT_RTOS_base THUMB Debug/port.o
                               0x6668 (size before relaxing)
 .debug_str     0x0007bead       0x94 IoT_RTOS_base THUMB Debug/iots_application.o
                              0x78279 (size before relaxing)
 .debug_str     0x0007bf41       0x8b IoT_RTOS_base THUMB Debug/iots_datalink.o
                              0x78270 (size before relaxing)
 .debug_str     0x0007bfcc       0x88 IoT_RTOS_base THUMB Debug/iots_network.o
                              0x7826d (size before relaxing)
 .debug_str     0x0007c054      0x129 IoT_RTOS_base THUMB Debug/iots_physical.o
                              0x7845c (size before relaxing)
 .debug_str     0x0007c17d      0x10c IoT_RTOS_base THUMB Debug/iots_system.o
                              0x784c3 (size before relaxing)
 .debug_str     0x0007c289       0x93 IoT_RTOS_base THUMB Debug/main.o
                              0x785c0 (size before relaxing)
 .debug_str     0x0007c31c       0x5a IoT_RTOS_base THUMB Debug/stm32f4xx_hal_msp.o
                              0x738bb (size before relaxing)
 .debug_str     0x0007c376       0x88 IoT_RTOS_base THUMB Debug/stm32f4xx_it.o
                              0x7827c (size before relaxing)

.comment        0x00000000       0x4e
 .comment       0x00000000       0x4e IoT_RTOS_base THUMB Debug/system_stm32f4xx.o
                                 0x4f (size before relaxing)
 .comment       0x00000000       0x4f IoT_RTOS_base THUMB Debug/stm32f4xx_hal_gpio.o
 .comment       0x00000000       0x4f IoT_RTOS_base THUMB Debug/stm32f4xx_hal_cortex.o
 .comment       0x00000000       0x4f IoT_RTOS_base THUMB Debug/stm32f4xx_hal.o
 .comment       0x00000000       0x4f IoT_RTOS_base THUMB Debug/stm32f4xx_hal_rcc.o
 .comment       0x00000000       0x4f IoT_RTOS_base THUMB Debug/cmsis_os.o
 .comment       0x00000000       0x4f IoT_RTOS_base THUMB Debug/list.o
 .comment       0x00000000       0x4f IoT_RTOS_base THUMB Debug/tasks.o
 .comment       0x00000000       0x4f IoT_RTOS_base THUMB Debug/heap_4.o
 .comment       0x00000000       0x4f IoT_RTOS_base THUMB Debug/port.o
 .comment       0x00000000       0x4f IoT_RTOS_base THUMB Debug/iots_application.o
 .comment       0x00000000       0x4f IoT_RTOS_base THUMB Debug/iots_datalink.o
 .comment       0x00000000       0x4f IoT_RTOS_base THUMB Debug/iots_network.o
 .comment       0x00000000       0x4f IoT_RTOS_base THUMB Debug/iots_physical.o
 .comment       0x00000000       0x4f IoT_RTOS_base THUMB Debug/iots_system.o
 .comment       0x00000000       0x4f IoT_RTOS_base THUMB Debug/main.o
 .comment       0x00000000       0x4f IoT_RTOS_base THUMB Debug/stm32f4xx_hal_msp.o
 .comment       0x00000000       0x4f IoT_RTOS_base THUMB Debug/stm32f4xx_it.o

.ARM.attributes
                0x00000000       0x37
 .ARM.attributes
                0x00000000       0x39 IoT_RTOS_base THUMB Debug/system_stm32f4xx.o
 .ARM.attributes
                0x00000039       0x39 IoT_RTOS_base THUMB Debug/stm32f4xx_hal_gpio.o
 .ARM.attributes
                0x00000072       0x39 IoT_RTOS_base THUMB Debug/stm32f4xx_hal_cortex.o
 .ARM.attributes
                0x000000ab       0x39 IoT_RTOS_base THUMB Debug/stm32f4xx_hal.o
 .ARM.attributes
                0x000000e4       0x39 IoT_RTOS_base THUMB Debug/stm32f4xx_hal_rcc.o
 .ARM.attributes
                0x0000011d       0x39 IoT_RTOS_base THUMB Debug/cmsis_os.o
 .ARM.attributes
                0x00000156       0x39 IoT_RTOS_base THUMB Debug/list.o
 .ARM.attributes
                0x0000018f       0x39 IoT_RTOS_base THUMB Debug/tasks.o
 .ARM.attributes
                0x000001c8       0x39 IoT_RTOS_base THUMB Debug/heap_4.o
 .ARM.attributes
                0x00000201       0x39 IoT_RTOS_base THUMB Debug/port.o
 .ARM.attributes
                0x0000023a       0x39 IoT_RTOS_base THUMB Debug/iots_application.o
 .ARM.attributes
                0x00000273       0x39 IoT_RTOS_base THUMB Debug/iots_datalink.o
 .ARM.attributes
                0x000002ac       0x39 IoT_RTOS_base THUMB Debug/iots_network.o
 .ARM.attributes
                0x000002e5       0x39 IoT_RTOS_base THUMB Debug/iots_physical.o
 .ARM.attributes
                0x0000031e       0x39 IoT_RTOS_base THUMB Debug/iots_system.o
 .ARM.attributes
                0x00000357       0x39 IoT_RTOS_base THUMB Debug/main.o
 .ARM.attributes
                0x00000390       0x39 IoT_RTOS_base THUMB Debug/stm32f4xx_hal_msp.o
 .ARM.attributes
                0x000003c9       0x39 IoT_RTOS_base THUMB Debug/stm32f4xx_it.o
 .ARM.attributes
                0x00000402       0x25 IoT_RTOS_base THUMB Debug/thumb_crt0.o
 .ARM.attributes
                0x00000427       0x25 IoT_RTOS_base THUMB Debug/STM32_Startup.o
 .ARM.attributes
                0x0000044c       0x20 C:/Program Files (x86)/Rowley Associates Limited/CrossWorks for ARM 3.5/lib/libc_v7em_fpv4_sp_d16_hard_t_le_eabi.a(libc2_asm.o)
